// Jest Snapshot v1, https://goo.gl/fbAQLP

exports[`App when rendered should render correctly 1`] = `
<ContextConsumer>
  <Component />
</ContextConsumer>
`;
